ï¿½ÍRï¿½ï¿½ï¿½HHï¿½ï¿½  RF data          01 01 0000f000 00001000[0m
[0;32mI (85) boot:  2 factory          factory app      00 00 00010000 00100000[0m
[0;32mI (92) boot: End of partition table[0m
[0;32mI (96) esp_image: segment 0: paddr=00010020 vaddr=3f400020 size=13578h ( 79224) map[0m
[0;32mI (133) esp_image: segment 1: paddr=000235a0 vaddr=3ffb0000 size=0330ch ( 13068) load[0m
[0;32mI (139) esp_image: segment 2: paddr=000268b4 vaddr=40080000 size=09764h ( 38756) load[0m
[0;32mI (155) esp_image: segment 3: paddr=00030020 vaddr=400d0020 size=27ae4h (162532) map[0m
[0;32mI (214) esp_image: segment 4: paddr=00057b0c vaddr=40089764 size=097c4h ( 38852) load[0m
[0;32mI (240) boot: Loaded app from partition at offset 0x10000[0m
[0;32mI (240) boot: Disabling RNG early entropy source...[0m
[0;32mI (252) cpu_start: Multicore app[0m
[0;32mI (252) quad_psram: This chip is ESP32-D0WD[0m
[0;32mI (255) esp_psramEdges:
0 0 0 0 0 0 0 0 0 0 
0 1 1 1 1 1 1 1 1 1 
0 1 1 1 1 1 1 1 1 1 
0 1 1 1 1 1 1 1 1 1 
0 1 1 1 1 1 1 1 1 1 
0 1 1 1 1 1 1 1 1 1 
0 1 1 1 1 1 1 0 1 1 
0 0 1 1 1 1 1 1 1 1 
0 1 1 1 1 1 1 1 1 1 
0 1 1 1 1 1 1 1 1 1 
Edges:
0 0 0 0 0 0 0 0 0 0 
0 1 1 1 1 1 1 1 1 1 
0 1 1 1 1 1 1 1 1 1 
0 1 1 1 1 1 1 1 1 1 
0 1 1 1 1 1 1 1 1 1 
0 1 1 1 1 1 1 1 1 1 
0 1 1 1 1 1 1 1 1 1 
0 1 1 1 1 1 1 1 1 1 
0 1 1 1 1 1 1 1 1 1 
0 1 1 1 1 1 1 1 1 1 
Edges:
0 0 0 0 0 0 0 0 0 0 
0 1 1 1 1 1 1 1 1 1 
0 1 1 1 1 1 1 1 1 1 
0 1 1 1 1 1 1 1 1 1 
0 1 1 1 1 1 1 1 1 1 
0 1 1 1 1 1 1 1 1 1 
0 1 1 1 1 1 1 1 1 1 
0 1 1 1 1 1 1 1 1 1 
0 1 1 1 1 1 1 1 1 1 
0 1 1 1 1 1 1 1 1 1 
Edges:
0 0 0 0 0 0 0 0 0 0 
0 1 1 1 1 1 1 1 1 1 
0 0 1 1 1 1 1 1 1 1 
0 0 1 1 1 1 1 1 1 1 
0 0 1 1 1 1 1 1 1 1 
0 0 1 1 1 1 1 1 1 1 
0 0 1 1 1 1 1 1 1 1 
0 0 1 1 1 1 1 1 1 1 
0 0 1 1 1 1 1 0 1 1 
0 0 1 1 1 1 1 0 1 1 
Edges:
0 0 0 0 0 0 0 0 0 0 
0 0 1 1 1 1 1 1 1 1 
0 1 1 1 1 1 1 1 1 1 
0 1 1 1 1 1 1 1 1 1 
0 1 1 1 1 1 1 1 1 1 
0 1 1 1 1 1 1 1 1 1 
0 1 1 1 1 1 1 1 1 1 
0 1 1 1 1 1 1 1 1 1 
0 1 1 1 1 1 1 1 1 1 
0 1 1 1 1 1 1 1 1 1 
Edges:
0 0 0 0 0 0 0 0 0 0 
0 0 1 1 1 1 1 1 1 1 
0 1 1 1 1 1 1 1 1 1 
0 1 1 1 1 1 1 1 1 1 
0 1 1 1 1 1 1 1 1 1 
0 1 1 1 1 1 1 1 1 1 
0 1 1 1 1 1 1 1 1 1 
0 1 1 1 1 1 1 1 1 1 
0 1 1 1 1 1 1 1 1 1 
0 1 1 1 1 1 1 1 1 1 
Edges:
0 0 0 0 0 0 0 0 0 0 
0 1 1 1 1 1 1 1 1 1 
0 0 1 1 1 1 1 1 1 1 
0 0 1 1 1 1 1 1 1 1 
0 0 1 1 1 1 1 1 1 1 
0 0 1 1 1 1 1 1 1 1 
0 1 1 1 1 1 1 1 1 1 
0 1 1 1 1 1 1 1 1 1 
0 1 1 1 1 1 1 1 1 1 
0 1 1 1 1 1 1 1 1 1 
Edges:
0 0 0 0 0 0 0 0 0 0 
0 0 1 1 1 1 1 1 1 1 
0 0 1 1 1 1 1 1 1 1 
0 0 1 1 1 1 1 1 1 1 
0 0 1 1 1 1 1 1 1 1 
0 0 1 1 1 1 1 1 1 1 
0 1 1 1 1 1 1 1 1 1 
0 1 1 1 1 1 1 1 1 1 
0 1 1 1 1 1 1 1 1 1 
0 1 1 1 1 1 1 1 1 1 
Edges:
0 0 0 0 0 0 0 0 0 0 
0 1 1 1 1 1 1 1 1 1 
0 1 1 1 1 1 1 1 1 1 
0 1 1 1 1 1 1 1 1 1 
0 1 1 1 1 1 1 1 1 1 
0 1 1 1 1 1 1 1 1 1 
0 1 1 1 1 1 1 1 1 1 
0 1 1 1 1 1 1 1 1 1 
0 0 0 0 0 0 0 0 1 0 
0 0 0 0 0 1 1 1 1 1 
Edges:
0 0 0 0 0 0 0 0 0 0 
0 1 1 1 1 1 1 1 1 1 
0 1 1 1 1 1 1 1 1 1 
0 1 1 1 1 1 1 1 1 1 
0 1 1 1 1 1 1 1 1 1 
0 1 1 1 1 1 1 1 1 1 
0 1 1 1 1 1 1 1 1 1 
0 1 1 1 1 1 1 1 1 1 
0 0 1 1 1 1 1 1 1 1 
0 0 1 1 1 1 1 1 1 1 
Edges:
0 0 0 0 0 0 0 0 0 0 
0 1 1 1 1 1 1 1 1 1 
0 1 1 1 1 1 1 1 1 1 
0 1 1 1 1 1 1 1 1 1 
0 1 1 1 1 1 1 1 1 1 
0 1 1 1 1 1 1 1 1 1 
0 1 1 1 1 1 1 1 1 1 
0 0 1 1 1 1 1 1 1 1 
0 0 0 0 0 1 1 1 1 1 
0 0 0 1 1 1 1 1 1 1 
Edges:
0 0 0 0 0 0 0 0 0 0 
0 1 1 1 1 1 1 1 1 1 
0 1 1 1 1 1 1 1 1 1 
0 1 1 1 1 1 1 1 1 1 
0 1 1 1 1 1 1 1 1 1 
0 1 1 1 1 1 1 1 1 1 
0 1 1 1 1 1 1 0 0 1 
0 0 0 0 0 0 0 1 1 1 
0 0 1 1 1 1 1 1 1 1 
0 0 1 1 1 1 1 1 1 1 
Edges:
0 0 0 0 0 0 0 0 0 0 
0 1 1 1 1 1 1 1 1 1 
0 1 1 1 1 1 1 1 1 1 
0 1 1 1 1 1 1 1 1 1 
0 1 1 1 1 1 1 1 1 1 
0 1 1 1 1 1 1 1 1 1 
0 0 1 1 1 1 0 0 0 0 
0 0 1 1 1 1 1 1 1 1 
0 0 1 1 1 1 1 1 1 1 
0 1 1 1 1 1 1 1 1 1 
Edges:
0 0 0 0 0 0 0 0 0 0 
0 1 1 1 1 1 1 1 1 1 
0 1 1 1 1 1 1 1 1 1 
0 1 1 1 1 1 1 1 1 1 
0 1 1 1 1 1 1 1 1 1 
0 1 1 1 1 1 1 1 1 1 
0 0 0 0 0 0 0 0 0 0 
0 0 1 1 1 1 1 1 1 1 
0 1 1 1 1 1 1 1 1 1 
0 1 1 1 1 1 1 1 1 1 
Edges:
0 0 0 0 0 0 0 0 0 0 
0 1 1 1 1 1 1 1 1 1 
0 1 1 1 1 1 1 1 1 1 
0 1 1 1 1 1 1 1 1 1 
0 1 1 1 1 1 1 1 1 1 
0 1 1 1 1 1 1 1 0 1 
0 0 0 0 0 0 0 1 1 1 
0 0 1 1 1 1 1 1 1 1 
0 1 1 1 1 1 1 1 1 1 
0 1 1 1 1 1 1 1 1 1 
Edges:
0 0 0 0 0 0 0 0 0 0 
0 0 1 1 1 1 1 1 1 1 
0 1 1 1 1 1 1 1 1 1 
0 1 1 1 1 1 1 1 1 1 
0 1 1 1 1 1 1 1 1 1 
0 0 1 1 1 1 1 0 0 0 
0 0 0 1 1 1 1 1 1 1 
0 0 1 1 1 1 1 1 1 1 
0 1 1 1 1 1 1 1 1 1 
0 1 1 1 1 1 1 1 1 1 
Edges:
0 0 0 0 0 0 0 0 0 0 
0 1 1 1 1 1 1 1 1 1 
0 1 1 1 1 1 1 1 1 1 
0 1 1 1 1 1 1 1 1 1 
0 1 1 1 1 1 1 1 1 1 
0 1 1 1 1 1 1 1 0 0 
0 0 0 0 0 0 0 1 1 1 
0 0 1 1 1 1 1 1 1 1 
0 1 1 1 1 1 1 1 1 1 
0 1 1 1 1 1 1 1 1 1 
Edges:
0 0 0 0 0 0 0 0 0 0 
0 1 1 1 1 1 1 1 1 1 
0 1 1 1 1 1 1 1 1 1 
0 1 1 1 1 1 1 1 1 1 
0 1 1 1 1 1 1 1 1 1 
0 0 1 1 1 1 1 0 0 0 
0 0 0 1 1 1 1 1 1 1 
0 0 1 1 1 1 1 1 1 1 
0 1 1 1 1 1 1 1 1 1 
0 1 1 1 1 1 1 1 1 1 
Edges:
0 0 0 0 0 0 0 0 0 0 
0 1 1 1 1 1 1 1 1 1 
0 1 1 1 1 1 1 1 1 1 
0 1 1 1 1 1 1 1 1 1 
0 1 1 1 1 1 1 1 1 1 
0 1 1 1 1 1 1 1 1 1 
0 0 0 0 0 0 0 1 1 1 
0 0 1 1 1 1 1 1 1 1 
0 1 1 1 1 1 1 1 1 1 
0 1 1 1 1 1 1 1 1 1 
Edges:
0 0 0 0 0 0 0 0 0 0 
0 1 1 1 1 1 1 1 1 1 
0 1 1 1 1 1 1 1 1 1 
0 1 1 1 1 1 1 1 1 1 
0 1 1 1 1 1 1 1 1 1 
0 1 1 1 1 1 1 1 1 1 
0 0 0 0 0 0 0 1 1 1 
0 0 1 1 1 1 1 1 1 1 
0 1 1 1 1 1 1 1 1 1 
0 1 1 1 1 1 1 1 1 1 
Edges:
0 0 0 0 0 0 0 0 0 0 
0 1 1 1 1 1 1 1 1 1 
0 1 1 1 1 1 1 1 1 1 
0 1 1 1 1 1 1 1 1 1 
0 1 1 1 1 1 1 1 1 1 
0 1 1 1 1 1 1 1 1 1 
0 0 0 0 0 0 0 0 0 0 
0 0 1 1 1 1 1 1 1 1 
0 0 1 1 1 1 1 1 1 1 
0 1 1 1 1 1 1 1 1 1 
Edges:
0 0 0 0 0 0 0 0 0 0 
0 0 1 1 1 1 1 1 1 1 
0 0 1 1 1 1 1 1 1 1 
0 0 1 1 1 1 1 1 1 1 
0 0 1 1 1 1 1 1 1 1 
0 0 1 1 1 1 1 1 1 1 
0 0 1 1 1 1 1 1 1 1 
0 0 1 1 1 1 1 1 1 1 
0 0 1 1 1 1 1 1 1 1 
0 1 1 1 1 1 1 1 1 1 
Edges:
0 0 0 0 0 0 0 0 0 0 
0 0 1 1 1 1 1 1 1 1 
0 0 1 1 1 1 1 1 1 1 
0 0 1 1 1 1 1 1 1 1 
0 0 1 1 1 1 1 1 1 1 
0 0 1 1 1 1 1 1 1 1 
0 0 1 1 1 1 1 1 1 1 
0 0 0 0 0 0 0 1 1 1 
0 0 0 0 0 0 0 1 1 1 
0 0 0 0 0 0 0 1 1 1 
Edges:
0 0 0 0 0 0 0 0 0 0 
0 0 1 1 1 0 0 0 0 0 
0 0 0 0 0 0 0 0 0 0 
0 0 0 0 0 0 0 0 0 0 
0 0 0 0 0 0 0 0 0 0 
0 0 0 0 0 0 0 0 0 0 
0 0 0 0 0 0 0 0 0 1 
0 0 0 0 0 0 1 1 1 1 
0 0 0 1 1 1 1 1 1 1 
0 0 0 1 1 1 1 1 1 1 
Edges:
0 0 0 0 0 0 0 0 0 0 
0 1 1 1 1 1 1 1 1 1 
0 1 1 1 1 1 1 1 1 1 
0 1 1 1 1 1 1 1 1 1 
0 1 1 1 1 1 1 1 0 1 
0 1 1 1 1 1 1 1 1 0 
0 0 0 0 0 0 0 1 1 1 
0 0 1 1 1 1 1 1 1 1 
0 1 1 1 1 1 1 1 1 1 
0 1 1 1 1 1 1 1 1 1 
Edges:
0 0 0 0 0 0 0 0 0 0 
0 1 1 1 1 1 1 1 1 1 
0 1 1 1 1 1 1 1 1 1 
0 1 1 1 1 1 1 1 1 1 
0 1 1 1 1 1 1 1 1 1 
0 1 1 1 1 1 1 1 1 1 
0 1 1 1 1 1 1 1 1 1 
0 1 1 1 1 1 1 1 1 1 
0 1 1 1 1 1 1 1 1 1 
0 1 1 1 1 1 1 1 1 1 
Edges:
0 0 0 0 0 0 0 0 0 0 
0 1 1 1 1 1 1 1 1 1 
0 1 1 1 1 1 1 1 1 1 
0 1 1 1 1 1 1 1 1 1 
0 1 1 1 1 1 1 1 1 1 
0 1 1 1 1 1 1 1 1 1 
0 1 1 1 1 1 1 1 0 0 
0 0 1 1 1 1 1 1 1 1 
0 0 1 1 1 1 1 1 1 1 
0 0 1 1 1 1 1 1 1 1 
Edges:
0 0 0 0 0 0 0 0 0 0 
0 1 1 1 1 1 1 1 1 1 
0 0 1 1 1 1 1 1 1 1 
0 0 1 1 1 1 1 1 1 1 
0 1 1 1 1 1 1 1 1 1 
0 1 1 1 1 1 1 1 1 1 
0 1 1 1 1 1 1 1 1 1 
0 1 1 1 1 1 1 1 0 0 
0 0 0 1 1 1 1 1 1 1 
0 0 1 1 1 1 1 1 1 1 
Edges:
0 0 0 0 0 0 0 0 0 0 
0 0 1 1 1 1 1 1 1 1 
0 0 0 0 0 0 1 1 1 1 
0 0 1 1 1 1 1 1 1 0 
0 0 1 1 1 1 1 1 1 1 
0 0 1 1 1 1 1 1 1 1 
0 1 1 1 1 1 1 1 1 1 
0 1 1 1 1 1 1 1 1 1 
0 0 1 1 1 1 1 1 1 1 
0 0 1 1 1 1 1 1 1 1 
Edges:
0 0 0 0 0 0 0 0 0 0 
0 1 1 1 1 1 1 1 1 1 
0 1 1 1 1 1 1 1 1 1 
0 1 1 1 1 1 1 1 1 1 
0 1 1 1 1 1 1 1 1 1 
0 0 0 0 0 0 1 1 1 0 
0 0 1 1 1 1 1 1 1 1 
0 0 1 1 1 1 1 1 1 1 
0 1 1 1 1 1 1 1 1 1 
0 1 1 1 1 1 1 1 1 1 
Edges:
0 0 0 0 0 0 0 0 0 0 
0 0 1 1 1 1 1 1 1 1 
0 0 1 1 1 1 1 1 0 0 
0 0 1 1 1 1 1 1 0 0 
0 0 1 1 1 1 1 1 0 0 
0 0 1 1 1 1 1 1 1 0 
0 1 1 1 1 1 1 1 1 1 
0 1 1 1 1 1 1 1 1 1 
0 1 1 1 1 1 1 1 1 1 
0 1 1 1 1 1 1 1 1 1 
Edges:
0 0 0 0 0 0 0 0 0 0 
0 1 1 1 1 1 1 1 1 1 
0 1 1 1 1 1 1 1 1 1 
0 1 1 1 1 1 1 1 1 1 
0 1 1 1 1 1 1 1 1 1 
0 1 1 1 1 1 0 0 0 0 
0 0 1 1 1 1 1 1 1 1 
0 0 1 1 1 1 1 1 1 1 
0 0 1 1 1 1 1 1 1 1 
0 0 1 1 1 1 1 1 1 1 
Edges:
0 0 0 0 0 0 0 0 0 0 
0 1 1 1 1 1 1 1 1 1 
0 1 1 1 1 1 1 1 1 1 
0 1 1 1 1 1 1 1 1 1 
0 1 1 1 1 1 1 1 1 1 
0 1 1 1 1 1 1 1 1 1 
0 1 1 1 1 1 1 1 1 1 
0 1 1 1 1 1 1 1 1 1 
0 1 1 1 1 1 1 1 1 1 
0 1 1 1 1 1 1 1 1 1 
Edges:
0 0 0 0 0 0 0 0 0 0 
0 0 1 1 1 1 0 0 0 0 
0 0 1 1 1 1 1 0 0 0 
0 0 1 1 1 1 1 0 0 0 
0 0 1 1 1 1 1 0 0 0 
0 0 1 1 1 1 1 0 0 0 
0 0 1 1 1 1 1 0 0 0 
0 0 1 1 1 1 1 0 0 0 
0 0 1 1 1 1 1 0 0 0 
0 0 1 1 1 1 1 0 0 0 
Edges:
0 0 0 0 0 0 0 0 0 0 
0 0 0 0 0 0 1 1 1 1 
0 0 0 0 0 0 1 1 1 1 
0 0 0 0 0 0 1 1 1 1 
0 0 0 0 0 0 1 1 1 1 
0 0 0 0 0 0 1 1 1 1 
0 0 0 0 0 0 1 1 1 1 
0 0 0 0 0 0 1 1 1 1 
0 0 0 0 0 0 1 1 1 1 
0 0 0 0 0 0 1 1 1 1 
Edges:
0 0 0 0 0 0 0 0 0 0 
0 0 0 0 0 0 0 0 0 0 
0 0 0 0 0 0 0 0 0 0 
0 0 0 0 0 0 0 0 0 0 
0 0 0 0 0 0 0 0 0 0 
0 0 0 0 0 0 0 0 0 0 
0 0 0 0 0 0 0 0 0 0 
0 0 0 0 0 0 0 0 0 0 
0 0 0 0 0 0 0 0 0 0 
0 0 0 0 0 0 0 0 0 0 
Edges:
0 0 0 0 0 0 0 0 0 0 
0 0 0 0 0 0 0 0 0 0 
0 0 0 0 0 0 0 0 0 0 
0 0 0 0 0 0 0 0 0 0 
0 0 0 0 0 0 0 0 0 0 
0 0 0 0 0 0 0 0 0 0 
0 0 0 0 0 0 0 0 0 0 
0 0 0 0 0 0 0 0 0 0 
0 0 0 0 0 0 0 0 0 0 
0 0 0 0 0 0 0 0 0 0 
Edges:
0 0 0 0 0 0 0 0 0 0 
0 0 0 0 0 0 0 0 0 0 
0 0 0 0 0 0 0 0 0 0 
0 0 0 0 0 0 0 0 0 0 
0 0 0 0 0 0 0 0 0 0 
0 0 0 0 0 0 0 0 0 0 
0 0 0 0 0 0 0 0 0 0 
0 0 0 0 0 0 0 0 0 0 
0 0 0 0 0 0 0 0 0 0 
0 0 0 0 0 0 0 0 0 0 
Edges:
0 0 0 0 0 0 0 0 0 0 
0 0 0 0 0 0 0 0 0 0 
0 0 1 1 1 0 0 0 0 0 
0 0 1 1 1 0 0 0 0 0 
0 0 1 1 1 0 0 0 0 0 
0 0 1 1 1 0 0 0 0 0 
0 0 1 1 1 0 0 0 0 0 
0 0 1 1 1 0 0 0 0 0 
0 0 1 1 1 0 0 0 0 0 
0 0 1 1 1 0 0 0 0 0 
Edges:
0 0 0 0 0 0 0 0 0 0 
0 1 1 1 1 1 1 1 1 1 
0 1 1 1 1 1 1 1 1 1 
0 1 1 1 1 1 1 1 1 1 
0 1 1 1 1 1 1 1 1 1 
0 0 0 0 0 0 0 0 0 0 
0 0 0 0 0 0 0 0 0 0 
0 0 0 0 0 0 0 1 1 1 
0 0 1 1 1 1 1 1 1 1 
0 0 1 1 1 1 1 1 1 1 
Edges:
0 0 0 0 0 0 0 0 0 0 
0 1 1 1 1 1 1 1 1 1 
0 1 1 1 1 1 1 1 1 1 
0 1 1 1 1 1 1 1 1 1 
0 1 1 1 1 1 1 1 1 1 
0 0 0 0 0 0 0 0 1 1 
0 0 1 1 1 1 1 1 1 1 
0 0 1 1 1 1 1 1 1 1 
0 0 1 1 1 1 1 1 1 1 
0 0 1 1 1 1 1 1 1 1 
Edges:
0 0 0 0 0 0 0 0 0 0 
0 1 1 1 1 1 1 1 1 1 
0 1 1 1 1 1 1 1 1 1 
0 1 1 1 1 1 1 1 1 1 
0 0 0 0 0 0 0 0 1 1 
0 0 1 1 1 1 1 1 1 1 
0 0 1 1 1 1 1 1 1 1 
0 1 1 1 1 1 1 1 1 1 
0 1 1 1 1 1 1 1 1 1 
0 1 1 1 1 1 1 1 1 1 
Edges:
0 0 0 0 0 0 0 0 0 0 
0 1 1 1 1 1 1 1 1 1 
0 1 1 1 1 1 1 1 1 1 
0 1 1 1 1 1 1 1 1 1 
0 1 1 1 1 1 1 1 1 1 
0 1 1 1 1 1 1 1 1 1 
0 1 1 1 1 1 1 1 1 1 
0 1 1 1 1 1 1 1 1 1 
0 1 1 1 1 1 1 1 1 1 
0 1 1 1 1 1 1 1 1 1 
Edges:
0 0 0 0 0 0 0 0 0 0 
0 0 0 0 0 0 0 0 0 0 
0 0 0 0 0 0 0 0 0 0 
0 0 0 0 0 0 0 0 0 0 
0 0 0 0 0 0 0 0 0 0 
0 0 0 0 0 0 0 0 0 0 
0 0 0 0 0 0 0 0 0 0 
0 0 0 0 0 0 0 0 0 0 
0 0 0 0 0 0 0 0 0 0 
0 0 0 0 0 0 0 0 0 0 
Edges:
0 0 0 0 0 0 0 0 0 0 
0 0 0 0 0 0 0 0 0 0 
0 0 1 1 1 1 0 0 0 0 
0 0 1 1 1 1 0 0 0 0 
0 0 1 1 1 1 0 0 0 0 
0 0 1 1 1 1 0 0 0 0 
0 0 1 1 1 1 0 0 0 0 
0 0 1 1 1 1 0 0 0 0 
0 0 1 1 1 1 0 0 0 0 
0 0 1 1 1 1 0 0 0 0 
Edges:
0 0 0 0 0 0 0 0 0 0 
0 0 0 0 0 0 0 0 0 0 
0 0 0 0 0 0 0 0 0 0 
0 0 0 0 0 0 0 0 0 0 
0 0 0 0 0 0 0 0 0 0 
0 0 0 0 0 0 0 0 0 0 
0 0 0 0 0 0 0 0 0 0 
0 0 0 0 0 0 0 0 0 0 
0 0 0 0 0 0 0 0 0 0 
0 0 0 0 0 0 0 0 0 0 
Edges:
0 0 0 0 0 0 0 0 0 0 
0 0 0 0 0 0 0 0 0 0 
0 0 0 0 0 0 0 0 0 0 
0 0 0 0 0 0 0 0 0 0 
0 0 0 0 0 0 0 0 0 0 
0 0 0 0 0 0 0 0 0 0 
0 0 0 0 0 0 0 0 0 0 
0 0 0 0 0 0 0 0 0 0 
0 0 0 0 0 0 0 0 0 0 
0 0 0 0 0 0 0 0 0 0 
Edges:
0 0 0 0 0 0 0 0 0 0 
0 0 0 0 0 0 0 0 0 0 
0 0 0 0 0 0 0 0 0 0 
0 0 0 0 0 0 0 0 0 0 
0 0 0 0 0 0 0 0 0 0 
0 0 0 0 0 0 0 0 0 0 
0 0 0 0 0 0 0 0 0 0 
0 0 0 0 0 0 0 0 0 0 
0 0 0 0 0 0 0 0 0 0 
0 0 0 0 0 0 0 0 0 0 
Edges:
0 0 0 0 0 0 0 0 0 0 
0 0 1 1 1 1 0 0 0 0 
0 0 0 0 0 0 0 0 0 0 
0 0 0 0 0 0 0 0 0 0 
0 0 0 0 0 0 0 0 0 0 
0 0 0 0 0 0 0 0 0 0 
0 0 0 0 0 0 0 0 0 0 
0 0 0 0 0 0 0 0 0 0 
0 0 0 0 0 0 0 0 0 0 
0 0 0 0 0 0 0 0 0 0 
Edges:
0 0 0 0 0 0 0 0 0 0 
0 0 0 0 0 0 0 0 0 0 
0 0 0 0 0 0 0 0 0 0 
0 0 0 0 0 0 0 0 0 0 
0 0 0 0 0 0 0 0 0 0 
0 0 0 0 0 0 0 0 0 0 
0 0 0 0 0 0 0 0 0 0 
0 0 0 0 0 0 0 0 0 0 
0 0 0 0 0 0 0 0 0 0 
0 0 0 0 0 0 0 0 0 0 
Edges:
0 0 0 0 0 0 0 0 0 0 
0 0 0 0 0 0 0 0 0 0 
0 0 0 0 0 0 0 0 0 0 
0 0 0 0 0 0 0 0 0 0 
0 0 0 0 0 0 0 0 0 0 
0 0 0 0 0 0 0 0 0 0 
0 0 0 0 0 0 0 0 0 0 
0 0 0 0 0 0 0 0 0 0 
0 0 0 0 0 0 0 0 0 0 
0 0 0 0 0 0 0 0 0 0 
Edges:
0 0 0 0 0 0 0 0 0 0 
0 0 0 0 0 0 0 0 0 0 
0 0 0 0 0 0 0 0 0 0 
0 0 0 0 0 0 0 0 0 0 
0 0 0 0 0 0 0 0 0 0 
0 0 0 0 0 0 0 0 0 0 
0 0 0 0 0 0 0 0 0 0 
0 0 0 0 0 0 0 0 0 0 
0 0 0 0 0 0 0 0 0 0 
0 0 0 0 0 0 0 0 0 0 
Edges:
0 0 0 0 0 0 0 0 0 0 
0 0 0 0 0 0 0 0 0 0 
0 0 0 0 0 0 0 0 0 0 
0 0 0 0 0 0 0 0 0 0 
0 0 0 0 0 0 0 0 0 0 
0 0 0 0 0 0 0 0 0 0 
0 0 0 0 0 0 0 0 0 0 
0 0 0 0 0 0 0 0 0 0 
0 0 0 0 0 0 0 0 0 0 
0 0 0 0 0 0 0 0 0 0 
Edges:
0 0 0 0 0 0 0 0 0 0 
0 0 0 0 0 0 0 0 0 0 
0 0 0 0 0 0 0 0 0 0 
0 0 0 0 0 0 0 0 0 0 
0 0 0 0 0 0 0 0 0 0 
0 0 0 0 0 0 0 0 0 0 
0 0 0 0 0 0 0 0 0 0 
0 0 0 0 0 0 0 0 0 0 
0 0 0 0 0 0 0 0 0 0 
0 0 0 0 0 0 0 0 0 0 
Edges:
0 0 0 0 0 0 0 0 0 0 
0 0 0 0 0 0 0 0 0 0 
0 0 0 0 0 0 0 0 0 0 
0 0 0 0 0 0 0 0 0 0 
0 0 0 0 0 0 0 0 0 0 
0 0 0 0 0 0 0 0 0 0 
0 0 0 0 0 0 0 0 0 0 
0 0 0 0 0 0 0 0 0 0 
0 0 0 0 0 0 0 0 0 0 
0 0 0 0 0 0 0 0 0 0 
Edges:
0 0 0 0 0 0 0 0 0 0 
0 1 1 1 1 1 1 1 1 1 
0 1 1 1 1 1 1 1 1 1 
0 1 1 1 1 1 1 1 1 1 
0 0 0 0 0 0 0 0 1 1 
0 0 1 1 1 1 1 1 1 1 
0 1 1 1 1 1 1 1 1 1 
0 1 1 1 1 1 1 1 1 1 
0 1 1 1 1 1 1 1 1 1 
0 1 1 1 1 1 1 1 1 1 
Edges:
0 0 0 0 0 0 0 0 0 0 
0 1 1 1 1 1 1 1 1 1 
0 1 1 1 1 1 1 1 1 1 
0 1 1 1 1 1 1 1 1 1 
0 0 0 0 0 0 0 0 0 0 
0 0 1 1 1 1 1 1 1 1 
0 0 1 1 1 1 1 1 1 1 
0 0 1 1 1 1 1 1 1 1 
0 1 1 1 1 1 1 1 1 1 
0 1 1 1 1 1 1 1 1 1 
Edges:
0 0 0 0 0 0 0 0 0 0 
0 1 1 1 1 1 1 1 1 1 
0 1 1 1 1 1 1 1 1 1 
0 1 1 1 1 1 1 1 1 1 
0 0 0 0 0 0 0 0 0 0 
0 0 1 1 1 1 1 1 1 1 
0 0 1 1 1 1 1 1 1 1 
0 1 1 1 1 1 1 1 1 1 
0 1 1 1 1 1 1 1 1 1 
0 1 1 1 1 1 1 1 1 1 
Edges:
0 0 0 0 0 0 0 0 0 0 
0 1 1 1 1 1 1 1 1 1 
0 1 1 1 1 1 1 1 1 1 
0 1 1 1 1 1 1 1 1 1 
0 0 0 0 0 0 0 0 0 1 
0 0 1 1 1 1 1 1 1 1 
0 0 1 1 1 1 1 1 1 1 
0 1 1 1 1 1 1 1 1 1 
0 1 1 1 1 1 1 1 1 1 
0 1 1 1 1 1 1 1 1 1 
Edges:
0 0 0 0 0 0 0 0 0 0 
0 1 1 1 1 1 1 1 1 1 
0 1 1 1 1 1 1 1 1 1 
0 1 1 1 1 1 1 1 1 1 
0 0 1 1 1 1 1 0 0 0 
0 0 0 1 1 1 1 1 1 1 
0 0 1 1 1 1 1 1 1 1 
0 1 1 1 1 1 1 1 1 1 
0 1 1 1 1 1 1 1 1 1 
0 1 1 1 1 1 1 1 1 1 
Edges:
0 0 0 0 0 0 0 0 0 0 
0 0 1 1 1 1 1 1 1 1 
0 1 1 1 1 1 1 1 1 1 
0 1 1 1 1 1 1 1 1 1 
0 1 1 1 1 1 1 1 1 1 
0 1 1 1 1 1 1 1 1 1 
0 1 1 1 1 1 1 1 1 1 
0 1 1 1 1 1 1 1 1 1 
0 1 1 1 1 1 1 1 1 1 
0 1 1 1 1 1 1 1 1 1 
Edges:
0 0 0 0 0 0 0 0 0 0 
0 1 1 1 1 1 1 1 1 1 
0 1 1 1 1 1 1 1 1 1 
0 1 1 1 1 1 1 1 1 1 
0 1 1 1 1 1 1 1 1 1 
0 1 1 1 1 1 1 1 1 1 
0 1 1 1 1 1 1 1 1 1 
0 1 1 1 1 1 1 1 1 1 
0 1 1 1 1 1 1 1 1 1 
0 1 1 1 1 1 1 1 1 1 
Edges:
0 0 0 0 0 0 0 0 0 0 
0 1 1 1 1 1 1 1 1 1 
0 1 1 1 1 1 1 1 1 1 
0 1 1 1 1 1 1 1 1 1 
0 1 1 1 1 1 1 1 1 1 
0 1 1 1 1 1 1 1 1 1 
0 1 1 1 1 1 1 1 1 1 
0 1 1 1 1 1 1 1 1 1 
0 1 1 1 1 1 1 1 1 1 
0 1 1 1 1 1 1 1 1 1 
Edges:
0 0 0 0 0 0 0 0 0 0 
0 1 1 1 1 1 1 1 1 1 
0 1 1 1 1 1 1 1 1 1 
0 1 1 1 1 1 1 1 1 1 
0 1 1 1 1 1 1 1 1 1 
0 1 1 1 1 1 1 1 1 1 
0 0 1 1 1 1 1 1 1 1 
0 0 1 1 1 1 1 1 1 1 
0 0 1 1 1 1 1 1 1 1 
0 0 1 1 1 1 1 1 1 1 
Edges:
0 0 0 0 0 0 0 0 0 0 
0 1 1 1 1 1 1 1 1 1 
0 1 1 1 1 1 1 1 1 1 
0 0 0 1 1 1 1 1 1 1 
0 1 1 1 1 1 1 1 1 1 
0 0 1 1 1 1 1 1 1 1 
0 0 1 1 1 1 1 1 1 1 
0 0 1 1 1 1 1 1 1 1 
0 0 1 1 1 1 1 1 1 1 
0 0 1 1 1 1 1 1 1 1 
Edges:
0 0 0 0 0 0 0 0 0 0 
0 1 1 1 1 1 1 1 1 1 
0 1 1 1 1 1 1 1 1 1 
0 1 1 1 1 1 1 1 1 1 
0 1 1 1 1 1 1 1 1 1 
0 1 1 1 1 1 1 1 1 1 
0 0 0 1 1 1 1 1 1 1 
0 0 0 1 1 1 1 1 1 1 
0 0 0 1 1 1 1 1 1 1 
0 0 0 1 1 1 1 1 1 1 
Edges:
0 0 0 0 0 0 0 0 0 0 
0 1 1 1 1 1 1 1 1 1 
0 1 1 1 1 1 1 1 1 1 
0 1 1 1 1 1 1 1 1 1 
0 1 1 1 1 1 1 1 1 1 
0 1 1 1 1 1 1 1 1 1 
0 1 1 1 1 1 1 1 1 1 
0 0 0 0 1 1 1 1 1 1 
0 1 1 1 1 1 1 1 1 1 
0 1 1 1 1 1 1 1 1 1 
Edges:
0 0 0 0 0 0 0 0 0 0 
0 1 1 1 1 1 1 1 1 1 
0 1 1 1 1 1 1 1 1 1 
0 1 1 1 1 1 1 1 1 1 
0 1 1 1 1 1 1 1 1 1 
0 1 1 1 1 1 1 1 1 1 
0 0 0 1 1 1 1 1 1 1 
0 0 0 0 1 1 1 1 1 1 
0 0 1 1 1 1 1 1 1 1 
0 0 1 1 1 1 1 1 1 1 
Edges:
0 0 0 0 0 0 0 0 0 0 
0 1 1 1 1 1 1 1 1 1 
0 1 1 1 1 1 1 1 1 1 
0 1 1 1 1 1 1 1 1 1 
0 1 1 1 1 1 1 1 1 1 
0 1 1 1 1 1 1 1 1 1 
0 1 1 1 1 1 1 1 1 1 
0 0 0 0 1 1 1 1 1 1 
0 0 0 1 1 1 1 1 1 1 
0 0 1 1 1 1 1 1 1 1 
Edges:
0 0 0 0 0 0 0 0 0 0 
0 1 1 1 1 1 1 1 1 1 
0 1 1 1 1 1 1 1 1 1 
0 1 1 1 1 1 1 1 1 1 
0 1 1 1 1 1 1 1 1 1 
0 1 1 1 1 1 1 1 1 1 
0 1 1 1 1 1 1 1 1 1 
0 0 1 1 1 1 1 1 1 1 
0 0 1 1 1 1 1 1 1 1 
0 0 1 1 1 1 1 1 1 1 
Edges:
0 0 0 0 0 0 0 0 0 0 
0 0 1 1 1 1 1 1 1 1 
0 0 1 1 1 1 1 1 1 1 
0 0 1 1 1 1 1 1 1 1 
0 1 1 1 1 1 1 1 1 1 
0 1 1 1 1 1 1 1 1 1 
0 1 1 1 1 1 1 1 1 1 
0 1 1 1 1 1 1 1 1 1 
0 1 1 1 1 1 1 1 1 1 
0 1 1 1 1 1 1 1 1 1 
Edges:
0 0 0 0 0 0 0 0 0 0 
0 1 1 1 1 1 1 1 1 1 
0 0 1 1 1 1 1 1 1 1 
0 0 1 1 1 1 1 1 1 1 
0 1 1 1 1 1 1 1 1 1 
0 1 1 1 1 1 1 1 1 1 
0 1 1 1 1 1 1 1 1 1 
0 1 1 1 1 1 1 1 1 1 
0 1 1 1 1 1 1 1 1 1 
0 1 1 1 1 1 1 1 1 1 
Edges:
0 0 0 0 0 0 0 0 0 0 
0 0 1 1 1 1 1 1 1 1 
0 1 1 1 1 1 1 1 1 1 
0 1 1 1 1 1 1 1 1 1 
0 0 1 1 1 1 1 1 1 1 
0 0 1 1 1 1 1 1 1 1 
0 0 1 1 1 1 1 1 1 1 
0 1 1 1 1 1 1 1 1 1 
0 1 1 1 1 1 1 1 1 1 
0 1 1 1 1 1 1 1 1 1 
Edges:
0 0 0 0 0 0 0 0 0 0 
0 1 1 1 1 1 1 1 1 1 
0 1 1 1 1 1 1 1 1 1 
0 1 1 1 1 1 1 1 1 1 
0 1 1 1 1 1 1 1 1 1 
0 1 1 1 1 1 1 1 1 1 
0 1 1 1 1 1 1 1 1 1 
0 1 1 1 1 1 1 1 1 1 
0 1 1 1 1 1 1 1 1 1 
0 1 1 1 1 1 1 1 1 1 
Edges:
0 0 0 0 0 0 0 0 0 0 
0 0 1 1 1 1 1 1 1 1 
0 0 0 0 1 1 1 1 1 1 
0 0 0 0 1 1 1 1 1 1 
0 0 0 0 1 1 1 1 1 1 
0 0 0 0 0 1 1 1 1 1 
0 0 0 0 0 1 1 1 1 1 
0 0 0 0 0 0 1 1 1 1 
0 0 0 0 0 0 1 1 1 1 
0 0 0 0 0 0 1 1 1 1 
Edges:
0 0 0 0 0 0 0 0 0 0 
0 1 1 1 1 1 1 1 1 1 
0 1 1 1 1 1 1 1 1 1 
0 1 1 1 1 1 1 1 1 1 
0 1 1 1 1 1 1 1 1 1 
0 1 1 1 1 1 1 1 1 1 
0 1 1 1 1 1 1 1 1 1 
0 1 1 1 1 1 1 1 1 1 
0 1 1 1 1 1 1 1 1 1 
0 1 1 1 1 1 1 1 1 1 
Edges:
0 0 0 0 0 0 0 0 0 0 
0 1 1 1 1 1 1 1 1 1 
0 1 1 1 1 1 1 1 1 1 
0 1 1 1 1 1 1 1 1 1 
0 1 1 1 1 1 1 1 1 1 
0 1 1 1 1 1 1 1 1 1 
0 1 1 1 1 1 1 1 1 1 
0 1 1 1 1 1 1 1 1 1 
0 1 1 1 1 1 1 1 1 1 
0 1 1 1 1 1 1 1 1 1 
Edges:
0 0 0 0 0 0 0 0 0 0 
0 1 1 1 1 1 1 1 1 1 
0 1 1 1 1 1 1 1 1 1 
0 1 1 1 1 1 1 1 1 1 
0 1 1 1 1 1 1 1 1 1 
0 1 1 1 1 1 1 1 1 1 
0 1 1 1 1 1 1 1 1 1 
0 1 1 1 1 1 1 1 1 1 
0 1 1 1 1 1 1 1 1 1 
0 1 1 1 1 1 1 1 1 1 
Edges:
0 0 0 0 0 0 0 0 0 0 
0 1 1 1 1 1 1 1 1 1 
0 1 1 1 1 1 1 1 1 1 
0 1 1 1 1 1 1 1 1 1 
0 1 1 1 1 1 1 1 1 1 
0 1 1 1 1 1 1 1 1 1 
0 1 1 1 1 1 1 1 1 1 
0 1 1 1 1 1 1 1 1 1 
0 1 1 1 1 1 1 1 1 1 
0 1 1 1 1 1 1 1 1 1 
Edges:
0 0 0 0 0 0 0 0 0 0 
0 1 1 1 1 1 1 1 1 1 
0 1 1 1 1 1 1 1 1 1 
0 1 1 1 1 1 1 1 1 1 
0 1 1 1 1 1 1 1 1 1 
0 1 1 1 1 1 1 1 1 1 
0 1 1 1 1 1 1 1 1 1 
0 1 1 1 1 1 1 1 1 1 
0 1 1 1 1 1 1 1 1 1 
0 1 1 1 1 1 1 1 1 1 
Edges:
0 0 0 0 0 0 0 0 0 0 
0 1 1 1 1 1 1 1 1 1 
0 1 1 1 1 1 1 1 1 1 
0 1 1 1 1 1 1 1 1 1 
0 1 1 1 1 1 1 1 1 1 
0 1 1 1 1 1 1 1 1 1 
0 1 1 1 1 1 1 1 1 1 
0 1 1 1 1 1 1 1 1 1 
0 1 1 1 1 1 1 1 1 1 
0 1 1 1 1 1 1 1 1 1 
Edges:
0 0 0 0 0 0 0 0 0 0 
0 1 1 1 1 1 1 1 1 1 
0 1 1 1 1 1 1 1 1 1 
0 1 1 1 1 1 1 1 1 1 
0 1 1 1 1 1 1 1 1 1 
0 1 1 1 1 1 1 1 1 1 
0 1 1 1 1 1 1 1 1 1 
0 1 1 1 1 1 1 1 1 1 
0 1 1 1 1 1 1 1 1 1 
0 1 1 1 1 1 1 1 1 1 
Edges:
0 0 0 0 0 0 0 0 0 0 
0 1 1 1 1 1 1 1 1 1 
0 1 1 1 1 1 1 1 1 1 
0 1 1 1 1 1 1 1 1 1 
0 1 1 1 1 1 1 1 1 1 
0 1 1 1 1 1 1 1 1 1 
0 1 1 1 1 1 1 1 1 1 
0 1 1 1 1 1 1 1 1 1 
0 1 1 1 1 1 1 1 1 1 
0 1 1 1 1 1 1 1 1 1 
Edges:
0 0 0 0 0 0 0 0 0 0 
0 0 1 1 1 1 1 1 1 1 
0 1 1 1 1 1 1 1 1 1 
0 1 1 1 1 1 1 1 1 1 
0 0 1 1 1 1 1 1 1 1 
0 1 1 1 1 1 1 1 1 1 
0 1 1 1 1 1 1 1 1 1 
0 0 1 1 1 1 1 1 1 1 
0 0 1 1 1 1 1 1 1 1 
0 1 1 1 1 1 1 1 1 1 
Edges:
0 0 0 0 0 0 0 0 0 0 
0 1 1 1 1 1 1 1 1 1 
0 1 1 1 1 1 1 1 1 1 
0 1 1 1 1 1 1 1 1 1 
0 1 1 1 1 1 1 1 1 1 
0 0 1 1 1 1 1 1 1 1 
0 1 1 1 1 1 1 1 1 1 
0 0 1 1 1 1 1 1 1 1 
0 1 1 1 1 1 1 1 1 1 
0 1 1 1 1 1 1 1 1 1 
Edges:
0 0 0 0 0 0 0 0 0 0 
0 1 1 1 1 1 1 1 1 1 
0 1 1 1 1 1 1 1 0 0 
0 1 1 1 1 1 1 1 1 1 
0 1 1 1 1 1 1 1 1 1 
0 1 1 1 1 1 1 1 1 1 
0 0 1 1 1 1 1 1 1 1 
0 0 1 1 1 1 1 1 1 1 
0 0 1 1 1 1 1 1 1 1 
0 1 1 1 1 1 1 1 1 1 
Edges:
0 0 0 0 0 0 0 0 0 0 
0 0 1 1 1 1 1 1 1 1 
0 1 1 1 1 1 1 1 1 1 
0 0 1 1 1 1 1 1 1 1 
0 1 1 1 1 1 1 1 1 1 
0 1 1 1 1 1 1 1 1 1 
0 1 1 1 1 1 1 1 1 1 
0 1 1 1 1 1 1 1 1 1 
0 1 1 1 1 1 1 1 1 1 
0 0 1 1 1 1 1 1 1 1 
Edges:
0 0 0 0 0 0 0 0 0 0 
0 1 1 1 1 1 0 0 0 1 
0 0 1 1 0 1 1 1 1 1 
0 0 1 1 0 1 1 1 1 1 
0 0 1 1 0 0 1 1 1 0 
0 0 1 1 0 0 0 0 0 0 
0 0 1 1 0 0 0 0 0 1 
0 0 0 0 0 0 0 1 1 1 
0 0 0 0 0 0 1 1 1 1 
0 0 0 0 0 1 1 1 1 1 
Edges:
0 0 0 0 0 0 0 0 0 0 
0 0 1 1 1 1 1 1 1 1 
0 0 0 0 0 0 1 1 1 1 
0 0 0 1 0 0 1 1 1 1 
0 0 1 1 1 1 1 1 1 1 
0 0 1 1 1 1 1 1 1 1 
0 0 1 1 1 1 1 1 1 1 
0 0 1 1 1 1 1 1 1 1 
0 1 1 1 1 1 1 1 1 1 
0 1 1 1 1 1 1 1 1 1 
Edges:
0 0 0 0 0 0 0 0 0 0 
0 0 0 1 1 1 1 1 1 1 
0 0 0 0 1 1 1 1 1 1 
0 0 0 0 0 1 1 1 1 1 
0 0 1 1 1 0 0 1 1 1 
0 0 1 1 1 1 1 0 0 1 
0 0 1 1 1 1 1 0 0 1 
0 0 1 1 1 1 1 0 0 0 
0 1 1 1 1 1 1 1 0 0 
0 0 1 1 1 1 1 1 0 0 
Edges:
0 0 0 0 0 0 0 0 0 0 
0 1 1 1 1 1 1 1 1 1 
0 1 1 1 1 1 1 1 1 1 
0 0 1 1 1 1 1 1 1 1 
0 0 1 1 1 1 1 1 1 1 
0 0 1 1 1 1 1 1 1 1 
0 0 1 1 1 1 1 0 0 0 
0 1 1 1 1 1 1 1 1 0 
0 1 1 1 1 1 1 1 1 1 
0 1 1 1 1 1 1 1 1 1 
Edges:
0 0 0 0 0 0 0 0 0 0 
0 1 1 1 1 1 1 1 1 1 
0 1 1 1 1 1 1 1 1 1 
0 1 1 1 1 1 1 1 1 1 
0 1 1 1 1 1 1 1 1 1 
0 0 1 1 1 1 1 1 1 1 
0 1 1 1 1 1 1 1 1 1 
0 1 1 1 1 1 1 1 1 1 
0 1 1 1 1 1 1 1 1 1 
0 0 1 1 1 1 1 1 1 1 
Edges:
0 0 0 0 0 0 0 0 0 0 
0 1 1 1 1 1 1 1 1 1 
0 1 1 1 1 1 1 1 1 1 
0 1 1 1 1 1 1 1 1 1 
0 1 1 1 1 1 1 1 1 1 
0 1 1 1 1 1 1 1 1 1 
0 1 1 1 1 1 1 1 1 1 
0 1 1 1 1 1 1 1 1 1 
0 0 1 1 1 1 1 1 1 1 
0 0 1 1 1 1 1 1 1 1 
Edges:
0 0 0 0 0 0 0 0 0 0 
0 1 1 1 1 1 1 1 1 1 
0 1 1 1 1 1 1 1 1 1 
0 1 1 1 1 1 1 1 1 1 
0 1 1 1 1 1 1 1 1 1 
0 0 1 1 1 1 1 1 1 1 
0 1 1 1 1 1 1 1 1 1 
0 1 1 1 1 1 1 1 1 1 
0 1 1 1 1 1 1 1 1 1 
0 1 1 1 1 1 1 1 1 1 
Edges:
0 0 0 0 0 0 0 0 0 0 
0 1 1 1 1 1 1 1 1 1 
0 1 1 1 1 1 1 1 1 1 
0 1 1 1 1 1 1 1 1 1 
0 0 1 1 1 1 1 1 1 1 
0 1 1 1 1 1 1 1 1 1 
0 1 1 1 1 1 1 1 1 1 
0 1 1 1 1 1 1 1 1 1 
0 0 1 1 1 1 1 1 1 1 
0 0 1 1 1 1 1 1 1 1 
Edges:
0 0 0 0 0 0 0 0 0 0 
0 1 1 1 1 1 1 1 1 1 
0 1 1 1 1 1 1 1 1 1 
0 1 1 1 1 1 1 1 1 1 
0 0 1 1 1 1 1 1 1 1 
0 1 1 1 1 1 1 1 1 1 
0 1 1 1 1 1 1 1 1 1 
0 1 1 1 1 1 1 1 0 0 
0 1 1 1 1 1 1 1 0 0 
0 0 1 1 1 1 1 1 0 1 
Edges:
0 0 0 0 0 0 0 0 0 0 
0 1 1 1 1 1 1 1 1 1 
0 1 1 1 1 1 1 1 1 1 
0 1 1 1 1 1 1 1 1 1 
0 0 1 1 1 1 1 1 1 1 
0 0 0 0 1 1 1 1 1 1 
0 1 1 1 1 1 1 1 1 0 
0 1 1 1 1 1 1 1 0 0 
0 0 1 1 1 1 1 1 0 1 
0 0 1 1 1 1 1 1 1 1 
Edges:
0 0 0 0 0 0 0 0 0 0 
0 1 1 1 1 1 1 1 1 1 
0 1 1 1 1 1 1 1 1 1 
0 1 1 1 1 1 1 1 1 1 
0 0 1 1 1 1 1 1 1 1 
0 1 1 1 1 1 1 1 0 0 
0 1 1 1 1 1 0 0 0 0 
0 1 1 1 1 1 1 1 1 1 
0 1 1 1 1 1 1 1 1 1 
0 0 1 1 1 1 1 1 1 1 
Edges:
0 0 0 0 0 0 0 0 0 0 
0 1 1 1 1 1 1 1 1 1 
0 1 1 1 1 1 1 1 1 1 
0 1 1 1 1 1 1 1 1 1 
0 0 1 1 1 1 1 1 1 1 
0 1 1 1 1 1 1 1 1 1 
0 1 1 1 1 1 1 1 1 1 
0 1 1 1 1 1 1 1 1 0 
0 1 1 1 1 1 1 1 0 0 
0 0 1 1 1 1 1 1 1 0 
Edges:
0 0 0 0 0 0 0 0 0 0 
0 1 1 1 1 1 1 1 1 1 
0 1 1 1 1 1 1 1 1 1 
0 1 1 1 1 1 1 1 1 1 
0 1 1 1 1 1 1 1 1 1 
0 0 1 1 1 1 1 1 1 1 
0 1 1 1 1 1 1 1 1 1 
0 0 1 1 1 1 1 1 1 1 
0 1 1 1 1 1 1 1 1 1 
0 0 1 1 1 1 1 1 1 1 
Edges:
0 0 0 0 0 0 0 0 0 0 
0 1 1 1 1 1 1 1 1 1 
0 1 1 1 1 1 1 1 1 1 
0 1 1 1 1 1 1 1 1 1 
0 1 1 1 1 1 1 1 1 1 
0 1 1 1 1 1 1 1 1 1 
0 1 1 1 1 1 1 1 1 1 
0 1 1 1 1 1 1 1 1 1 
0 1 1 1 1 1 1 1 1 1 
0 1 1 1 1 1 1 1 1 1 
Edges:
0 0 0 0 0 0 0 0 0 0 
0 1 1 1 1 1 1 1 1 1 
0 1 1 1 1 1 1 1 1 1 
0 1 1 1 1 1 1 1 1 1 
0 1 1 1 1 1 1 1 1 1 
0 1 1 1 1 1 1 1 1 1 
0 1 1 1 1 1 1 1 1 1 
0 1 1 1 1 1 1 1 1 1 
0 1 1 1 1 1 1 1 1 1 
0 1 1 1 1 1 1 1 1 1 
Edges:
0 0 0 0 0 0 0 0 0 0 
0 1 1 1 1 1 1 1 1 1 
0 1 1 1 1 1 1 1 1 1 
0 1 1 1 1 1 1 1 1 1 
0 1 1 1 1 1 1 1 1 1 
0 1 1 1 1 1 1 1 1 1 
0 1 1 1 1 1 1 1 1 1 
0 1 1 1 1 1 1 1 1 1 
0 1 1 1 1 1 1 1 1 1 
0 1 1 1 1 1 1 1 1 1 
Edges:
0 0 0 0 0 0 0 0 0 0 
0 1 1 1 1 1 1 1 1 1 
0 1 1 1 1 1 1 1 1 1 
0 1 1 1 1 1 1 1 1 1 
0 1 1 1 1 1 1 1 1 1 
0 1 1 1 1 1 1 1 1 1 
0 1 1 1 1 1 1 1 1 1 
0 1 1 1 1 1 1 1 1 1 
0 1 1 1 1 1 1 1 1 1 
0 1 1 1 1 1 1 1 1 1 
Edges:
0 0 0 0 0 0 0 0 0 0 
0 0 1 1 1 1 1 1 1 1 
0 1 1 1 1 1 1 1 1 1 
0 1 1 1 1 1 1 1 1 1 
0 1 1 1 1 1 1 1 1 1 
0 1 1 1 1 1 1 1 1 1 
0 1 1 1 1 1 1 1 1 1 
0 1 1 1 1 1 1 1 1 1 
0 1 1 1 1 1 1 1 1 1 
0 1 1 1 1 1 1 1 1 1 
Edges:
0 0 0 0 0 0 0 0 0 0 
0 0 1 1 1 1 1 1 1 1 
0 1 1 1 1 1 1 1 1 1 
0 1 1 1 1 1 1 1 1 1 
0 1 1 1 1 1 1 1 1 1 
0 1 1 1 1 1 1 1 1 1 
0 1 1 1 1 1 1 1 1 1 
0 1 1 1 1 1 1 1 1 1 
0 1 1 1 1 1 1 1 1 1 
0 1 1 1 1 1 1 1 1 1 
Edges:
0 0 0 0 0 0 0 0 0 0 
0 1 1 1 1 1 1 1 1 1 
0 0 1 1 1 1 1 1 1 1 
0 1 1 1 1 1 1 1 1 1 
0 1 1 1 1 1 1 1 1 1 
0 1 1 1 1 1 1 1 1 1 
0 1 1 1 1 1 1 1 1 1 
0 1 1 1 1 1 1 1 1 1 
0 1 1 1 1 1 1 1 1 1 
0 1 1 1 1 1 1 1 1 1 
Edges:
0 0 0 0 0 0 0 0 0 0 
0 1 1 1 1 1 1 1 1 1 
0 1 1 1 1 1 1 1 1 1 
0 1 1 1 1 1 1 1 1 1 
0 1 1 1 1 1 1 1 1 1 
0 1 1 1 1 1 1 1 1 1 
0 1 1 1 1 1 1 1 1 1 
0 1 1 1 1 1 1 1 1 1 
0 1 1 1 1 1 1 1 1 1 
0 1 1 1 1 1 1 1 1 1 
Edges:
0 0 0 0 0 0 0 0 0 0 
0 1 1 1 1 1 1 1 1 1 
0 0 1 1 1 1 1 1 1 1 
0 0 1 1 1 1 1 1 1 1 
0 1 1 1 1 1 1 1 1 1 
0 1 1 1 1 1 1 1 1 1 
0 1 1 1 1 1 1 1 1 1 
0 1 1 1 1 1 1 1 1 1 
0 1 1 1 1 1 1 1 1 1 
0 1 1 1 1 1 1 1 1 1 
Edges:
0 0 0 0 0 0 0 0 0 0 
0 1 1 1 1 1 1 1 1 1 
0 1 1 1 1 1 1 1 1 1 
0 1 1 1 1 1 1 1 1 1 
0 1 1 1 1 1 1 1 1 1 
0 1 1 1 1 1 1 1 1 1 
0 1 1 1 1 1 1 1 1 1 
0 1 1 1 1 1 1 1 1 1 
0 1 1 1 1 1 1 1 1 1 
0 1 1 1 1 1 1 1 1 1 
Edges:
0 0 0 0 0 0 0 0 0 0 
0 0 1 1 1 1 1 1 1 1 
0 1 1 1 1 1 1 1 1 1 
0 1 1 1 1 1 1 1 1 1 
0 1 1 1 1 1 1 1 1 1 
0 1 1 1 1 1 1 1 1 1 
0 1 1 1 1 1 1 1 1 1 
0 1 1 1 1 1 1 1 1 1 
0 1 1 1 1 1 1 1 1 1 
0 1 1 1 1 1 1 1 1 1 
Edges:
0 0 0 0 0 0 0 0 0 0 
0 0 1 1 1 1 1 1 1 1 
0 1 1 1 1 1 1 1 1 1 
0 1 1 1 1 1 1 1 1 1 
0 1 1 1 1 1 1 1 1 1 
0 1 1 1 1 1 1 1 1 1 
0 1 1 1 1 1 1 1 1 1 
0 1 1 1 1 1 1 1 1 1 
0 1 1 1 1 1 1 1 1 1 
0 1 1 1 1 1 1 1 1 1 
Edges:
0 0 0 0 0 0 0 0 0 0 
0 1 1 1 1 1 1 1 1 1 
0 1 1 1 1 1 1 1 1 1 
0 1 1 1 1 1 1 1 1 1 
0 1 1 1 1 1 1 1 1 1 
0 1 1 1 1 1 1 1 1 1 
0 1 1 1 1 1 1 1 1 1 
0 1 1 1 1 1 1 1 1 1 
0 1 1 1 1 1 1 1 1 1 
0 1 1 1 1 1 1 1 1 1 
Edges:
0 0 0 0 0 0 0 0 0 0 
0 1 1 1 1 1 1 1 1 1 
0 1 1 1 1 1 1 1 1 1 
0 1 1 1 1 1 1 1 1 1 
0 1 1 1 1 1 1 1 1 1 
0 1 1 1 1 1 1 1 1 1 
0 1 1 1 1 1 1 1 1 1 
0 1 1 1 1 1 1 1 1 1 
0 1 1 1 1 1 1 1 1 1 
0 1 1 1 1 1 1 1 1 1 
Edges:
0 0 0 0 0 0 0 0 0 0 
0 1 1 1 1 1 1 1 1 1 
0 1 1 1 1 1 1 1 1 1 
0 1 1 1 1 1 1 1 1 1 
0 1 1 1 1 1 1 1 1 1 
0 1 1 1 1 1 1 1 1 1 
0 1 1 1 1 1 1 1 1 1 
0 1 1 1 1 1 1 1 1 1 
0 1 1 1 1 1 1 1 1 1 
0 1 1 1 1 1 1 1 1 1 
Edges:
0 0 0 0 0 0 0 0 0 0 
0 0 1 1 1 1 1 1 1 1 
0 1 1 1 1 1 1 1 1 1 
0 1 1 1 1 1 1 1 1 1 
0 1 1 1 1 1 1 1 1 1 
0 1 1 1 1 1 1 1 1 1 
0 1 1 1 1 1 1 1 1 1 
0 1 1 1 1 1 1 1 1 1 
0 1 1 1 1 1 1 1 1 1 
0 1 1 1 1 1 1 1 1 1 
