ets Jul 29 2019 12:21:46

rst:0x1 (POWERON_RESET),boot:0x13 (SPI_FAST_FLASH_BOOT)
configsip: 0, SPIWP:0xee
clk_drv:0x00,q_drv:0x00,d_drv:0x00,cs0_drv:0x00,hd_drv:0x00,wp_drv:0x00
mode:DIO, clock div:2
load:0x3fff0030,len:7084
ho 0 tail 12 room 4
load:0x40078000,len:15584
load:0x40080400,len:4
load:0x40080404,len:3876
entry 0x4008064c
[0;32mI (31) boot: ESP-IDF v5.1.2-dirty 2nd stage bootloader[0m
[0;32mI (31) boot: compile time Jul 20 2024 00:37:10[0m
[0;32mI (31) boot: Multicore bootloader[0m
[0;32mI (36) boot: chip revision: v3.0[0m
[0;32mI (40) boot.esp32: SPI Speed      : 40MHz[0m
[0;32mI (44) boot.esp32: SPI Mode       : DIO[0m
[0;32mI (49) boot.esp32: SPI Flash Size : 2MB[0m
[0;32mI (53) boot: Enabling RNG early entropy source...[0m
[0;32mI (59) boot: Partition Table:[0m
[0;32mI (62) boot: ## Label            Usage          Type ST Offset   Length[0m
[0;32mI (70) boot:  0 nvs              WiFi data        01 02 00009000 00006000[0m
[0;32mI (77) boot:  1 phy_init         RF data          01 01 0000f000 00001000[0m
[0;32mI (85) boot:  2 factory          factory app      00 00 00010000 00100000[0m
[0;32mI (92) boot: End of partition table[0m
[0;32mI (96) esp_image: segment 0: paddr=00010020 vaddr=3f400020 size=11b88h ( 72584) map[0m
[0;32mI (131) esp_image: segment 1: paddr=00021bb0 vaddr=3ffb0000 size=021a4h (  8612) load[0m
[0;32mI (135) esp_image: segment 2: paddr=00023d5c vaddr=40080000 size=0c2bch ( 49852) load[0m
[0;32mI (158) esp_image: segment 3: paddr=00030020 vaddr=400d0020 size=18da4h (101796) map[0m
[0;32mI (195) esp_image: segment 4: paddr=00048dcc vaddr=4008c2bc size=0470ch ( 18188) load[0m
[0;32mI (211) boot: Loaded app from partition at offset 0x10000[0m
[0;32mI (211) boot: Disabling RNG early entropy source...[0m
[0;32mI (222) cpu_start: Multicore app[0m
[0;32mI (223) quad_psram: This chip is ESP32-D0WD[0m
[0;32mI (225) esp_psram: Found 2MB PSRAM device[0m
[0;32mI (225) esp_psram: Speed: 40MHz[0m
[0;32mI (228) esp_psram: PSRAM initialized, cache is in low/high (2-core) mode.[0m
[0;32mI (236) cpu_start: Pro cpu up.[0m
[0;32mI (240) cpu_start: Starting app cpu, entry point is 0x4008136c[0m
[0;32mI (0) cpu_start: App cpu up.[0m
[0;32mI (709) est_psram: SPI SRAM memory test OK[0m
[0;32mI (717) cpu_start: Pro cpu start user code[0m
[0;32mI (717) cpu_start: cpu freq: 160000000 Hz[0m
[0;32mI (717) cpu_start: Application information:[0m
[0;32mI (720) cpu_start: Project name:     esp33_cam_httpï¿½svreamï¿½5n5Rï¿½ï¿½;ï¿½ï¿½ï¿½,ï¿½]5Ñ…ï¿½ï¿½ï¿½
ï¿½ï¿½ï¿½ï¿½ï¿½Í¥ï¿½ï¿½ï¿½ï¿½ÊºÂ²ï¿½ï¿½j"ï¿½ï¿½ï¿½ï¿½mï¿½ï¿½j5Rï¿½ï¿½Úšï¿½j%ï¿½Bï¿½ï¿½ï¿½Jï¿½ï¿½}ï¿½ï¿½ï¿½ï¿½ï¿½ï¿½ï¿½ï¿½ï¿½ï¿½ï¿½ï¿½ï¿½ï¿½ï¿½ï¿½ï¿½ï¿½RUï¿½ï¿½ï¿½ï¿½ï¿½ï¿½ï¿½ï¿½ï¿½ï¿½Òšï¿½Ò‚ï¿½Ú´j5RÚ´Úšï¿½j%ï¿½Bï¿½ï¿½ï¿½Jï¿½ï¿½}ï¿½ï¿½ï¿½ï¿½ï¿½ï¿½*ï¿½e
ï¿½Vï¿½ï¿½ï¿½*ï¿½Pï¿½Mï¿½'$HNXï¿½Xï¿½ï¿½&Vï¿½&ï¿½&'ï¿½XYï¿½ï¿½.[0m
[0;32mI (744) cpu_start: ESP-IDF:          w5.1.2-dirty[0m
[0;32mI (749) cpu_start: Min chip rev:     v0.0[0m
[0;32mI (754) cpu_start: Max chip rev:     v3.99 [0m
[0;32mI (759) cpu_start: Chip rev:         v3.0[0m
[0;32mI (764) heap_init: Initializing. RAM available for dynamic allocation:[0m
[0;32mI (771) heap_init: At 3FFAE6E0 len 00001920 (6 KiB): DRAM[0m
[0;32mI (777) heap_init: At 3FFB3BA0 len 0002C460 (177 KiB): DRAM[0m
[0;32mI (783) heap_init: At 3FFE0440 len 00003AE0 (14 KiB): D/IRAM[0m
[0;32mI (790) heap_init: At 3FFE4350 len 0001BCB0 (111 KiB): D/IRAM[0m
[0;32ï¿½I (796) heap_init: At 400909C8 len 0000F638 (61 KiB): IRAM[0m
[0;32mI (803) esp_psram: Adding pool of 2048K of PSRAM memory to heap allocator[0m
[0;32mI (811) spi_flash: detected chip: generic[0m
[0;32mI (814) spi_flash: flash io: dio[0m
[0;33mW (818) spi_flash: Detected size(4096k) larger than the size in the binary image header(2048k). Using the size in the binary image header.[0m
[0;32mI (843) app_start: Starting scheduler on CPU0[0m
[0;32mI (843) app_start: Starting scheduler on CPU1[0m
[0;32mI (843) main_task: Started on CPU0[0m
[0;32mI (853) esp_psram: Reserving pool of 32K of internal memory for DMA/internal allocations[0m
[0;32mI (853) main_task: Calling app_main()[0m
Output Horizontal Edges: -1.000000 0.000000 1.000000 -1.000000 -1.000000 0.000000 -1.000000 -2.000000 -6.000000 
Output Vertical Edges: -1.000000 -1.000000 0.000000 -1.000000 0.000000 1.000000 -1.000000 0.000000 -4.000000 
[0;32mI (873) main_task: Returned from app_main()[0m
